// Jest Snapshot v1, https://goo.gl/fbAQLP

exports[`FavoritesList should render without favorites 1`] = `<DocumentFragment />`;
