// Jest Snapshot v1, https://goo.gl/fbAQLP

exports[`ProjectListArchived renders without projects 1`] = `
<DocumentFragment>
  <div
    class="settings-list"
  />
</DocumentFragment>
`;
