// Jest Snapshot v1, https://goo.gl/fbAQLP

exports[`ProjectListActive renders without projects 1`] = `<DocumentFragment />`;
