// Jest Snapshot v1, https://goo.gl/fbAQLP

exports[`UserDetail should not render when there is no selected user 1`] = `<DocumentFragment />`;
