// Jest Snapshot v1, https://goo.gl/fbAQLP

exports[`TasksChips should render empty when no tasks 1`] = `
<DocumentFragment>
  <div
    class="mdc-chip-set"
  />
</DocumentFragment>
`;
